[INFO] Scanning for projects...
[INFO] 
[INFO] ----------------------< com.example:GestionCoach >----------------------
[INFO] Building GestionCoach 1.0-SNAPSHOT
[INFO] --------------------------------[ jar ]---------------------------------
[INFO] 
[INFO] --- maven-resources-plugin:2.6:resources (default-resources) @ GestionCoach ---
[INFO] Using 'UTF-8' encoding to copy filtered resources.
[INFO] Copying 6 resources
[INFO] 
[INFO] --- maven-compiler-plugin:3.1:compile (default-compile) @ GestionCoach ---
[INFO] Nothing to compile - all classes are up to date
[INFO] ------------------------------------------------------------------------
[INFO] BUILD SUCCESS
[INFO] ------------------------------------------------------------------------
[INFO] Total time:  0.951 s
[INFO] Finished at: 2026-02-15T16:16:26+01:00
[INFO] ------------------------------------------------------------------------
