[INFO] Scanning for projects...
[INFO] 
[INFO] -------------------------< com.example:front >--------------------------
[INFO] Building front 1.0-SNAPSHOT
[INFO]   from pom.xml
[INFO] --------------------------------[ jar ]---------------------------------
[INFO] 
[INFO] --- clean:3.2.0:clean (default-clean) @ front ---
[INFO] Deleting C:\Users\dhiaj_onolvpc\Desktop\front\target
[INFO] 
[INFO] --- resources:3.3.1:resources (default-resources) @ front ---
[INFO] Copying 6 resources from src\main\resources to target\classes
[INFO] 
[INFO] --- compiler:3.13.0:compile (default-compile) @ front ---
[WARNING] Can't extract module name from tilesfx-21.0.9.jar: Unsupported major.minor version 65.0
[WARNING] Can't extract module name from heatmap-21.0.5.jar: Unsupported major.minor version 65.0
[WARNING] Can't extract module name from toolbox-21.0.9.jar: Unsupported major.minor version 65.0
[WARNING] Can't extract module name from toolboxfx-21.0.5.jar: Unsupported major.minor version 65.0
[WARNING] Can't extract module name from countries-21.0.17.jar: Unsupported major.minor version 65.0
[INFO] Recompiling the module because of changed source code.
[INFO] Compiling 9 source files with javac [debug target 17 module-path] to target\classes
[INFO] -------------------------------------------------------------
[ERROR] COMPILATION ERROR : 
[INFO] -------------------------------------------------------------
[ERROR] /C:/Users/dhiaj_onolvpc/Desktop/front/src/main/java/module-info.java:[11,24] module not found: eu.hansolo.tilesfx
[INFO] 1 error
[INFO] -------------------------------------------------------------
[INFO] ------------------------------------------------------------------------
[INFO] BUILD FAILURE
[INFO] ------------------------------------------------------------------------
[INFO] Total time:  0.993 s
[INFO] Finished at: 2026-02-06T22:08:04+01:00
[INFO] ------------------------------------------------------------------------
[ERROR] Failed to execute goal org.apache.maven.plugins:maven-compiler-plugin:3.13.0:compile (default-compile) on project front: Compilation failure
[ERROR] /C:/Users/dhiaj_onolvpc/Desktop/front/src/main/java/module-info.java:[11,24] module not found: eu.hansolo.tilesfx
[ERROR] -> [Help 1]
[ERROR] 
[ERROR] To see the full stack trace of the errors, re-run Maven with the -e switch.
[ERROR] Re-run Maven using the -X switch to enable full debug logging.
[ERROR] 
[ERROR] For more information about the errors and possible solutions, please read the following articles:
[ERROR] [Help 1] http://cwiki.apache.org/confluence/display/MAVEN/MojoFailureException
